apds9930.c:27:6:APDS9930_init	24	static
apds9930.c:90:6:setMode	24	static
apds9930.c:125:9:getMode	16	static
apds9930.c:137:6:enablePower	8	static
apds9930.c:144:6:disablePower	8	static
apds9930.c:153:6:enableLightSensor	16	static
apds9930.c:177:6:disableLightSensor	8	static
apds9930.c:187:6:enableProximitySensor	16	static
apds9930.c:214:6:disableProximitySensor	8	static
apds9930.c:226:9:getLEDDrive	16	static
apds9930.c:240:6:setLEDDrive	24	static
apds9930.c:265:6:setProximityGain	24	static
apds9930.c:288:9:getProximityGain	16	static
apds9930.c:302:6:setAmbientLightGain	24	static
apds9930.c:325:9:getAmbientLightGain	16	static
apds9930.c:339:6:setProximityDiode	24	static
apds9930.c:362:9:getProximityDiode	16	static
apds9930.c:379:9:getAmbientLightIntEnable	16	static
apds9930.c:392:6:setAmbientLightIntEnable	24	static
apds9930.c:415:9:getProximityIntEnable	16	static
apds9930.c:428:6:setProximityIntEnable	24	static
apds9930.c:453:6:clearAmbientLightInt	8	static
apds9930.c:460:6:clearProximityInt	8	static
apds9930.c:467:6:clearAllInts	8	static
apds9930.c:476:6:setLightIntLowThreshold	24	static
apds9930.c:496:6:getLightIntLowThreshold	24	static
apds9930.c:514:6:setLightIntHighThreshold	24	static
apds9930.c:534:6:getLightIntHighThreshold	24	static
apds9930.c:554:10:getProximityIntLowThreshold	16	static
apds9930.c:570:6:setProximityIntLowThreshold	24	static
apds9930.c:585:10:getProximityIntHighThreshold	16	static
apds9930.c:601:6:setProximityIntHighThreshold	24	static
apds9930.c:618:6:readProximity	24	static
apds9930.c:636:6:readCh0Light	24	static
apds9930.c:652:6:readCh1Light	24	static
apds9930.c:668:7:floatAmbientToLux	32	static
apds9930.c:678:15:ulongAmbientToLux	32	static
apds9930.c:688:6:readAmbientLightLuxF	24	static
apds9930.c:706:6:readAmbientLightLuxUL	24	static
apds9930.c:726:7:max_value	16	static
apds9930.c:733:6:read_byte	16	static
apds9930.c:742:6:write_byte	16	static
apds9930.c:750:6:write_cmd	16	static
