core_cm7.h:2032:22:__NVIC_SetPriority	16	static
fsl_clock.h:1012:20:CLOCK_SetMux	24	static
fsl_clock.h:1049:20:CLOCK_SetDiv	24	static
ext_modules.c:61:10:LPI2C4_GetFreq	8	static
ext_modules.c:66:13:I2C4_InitTouchI2cClk	8	static
ext_modules.c:74:13:I2C4_SignalEvent	16	static
ext_modules.c:91:6:I2C4_Transmit	32	static
ext_modules.c:104:6:I2C4_Receive	32	static
ext_modules.c:117:6:delay_us	16	static
ext_modules.c:121:6:delay_ms	16	static
ext_modules.c:125:6:init_ext_modules_i2c	8	static
ext_modules.c:140:6:pwm_module_begin	32	static
ext_modules.c:157:6:pwm_module_setPWM	16	static
ext_modules.c:168:10:pwm_module_getPWM	24	static
ext_modules.c:186:6:pwm_module_setPWMFreq	16	static
ext_modules.c:191:6:pwm_module_DEMO	16	static
ext_modules.c:202:6:power_module_begin	8	static
ext_modules.c:212:7:power_module_voltage	8	static
ext_modules.c:215:7:power_module_current	8	static
ext_modules.c:218:7:power_module_load	8	static
ext_modules.c:222:6:power_module_Readings	8	static
ext_modules.c:229:6:adc_module_begin	8	static
ext_modules.c:238:7:adc_module_readV	16	static
ext_modules.c:261:10:adc_module_read	16	static
ext_modules.c:284:6:adc_module_readings	8	static
ext_modules.c:292:6:als_module_begin	8	static
ext_modules.c:299:6:als_module_ReadLight	16	static
ext_modules.c:303:6:als_module_ReadProximity	16	static
ext_modules.c:307:6:als_module_Readings	8	static
ext_modules.c:314:6:dht_module_begin	8	static
ext_modules.c:325:6:dht_module_read	16	static
ext_modules.c:333:6:dht_module_readings	8	static
