fsl_lpi2c.h:546:24:LPI2C_MasterGetStatusFlags	16	static
fsl_lpi2c.h:1029:24:LPI2C_SlaveGetStatusFlags	16	static
fsl_lpi2c_cmsis.c:111:27:LPI2Cx_GetVersion	16	static
fsl_lpi2c_cmsis.c:117:29:LPI2Cx_GetCapabilities	4	static
fsl_lpi2c_cmsis.c:437:13:KSDK_LPI2C_SLAVE_InterruptCallback	32	static
fsl_lpi2c_cmsis.c:474:13:KSDK_LPI2C_MASTER_InterruptCallback	32	static
fsl_lpi2c_cmsis.c:505:16:LPI2C_InterruptInitialize	16	static
fsl_lpi2c_cmsis.c:516:16:LPI2C_InterruptUninitialize	16	static
fsl_lpi2c_cmsis.c:522:16:LPI2C_Master_InterruptTransmit	56	static
fsl_lpi2c_cmsis.c:574:16:LPI2C_Master_InterruptReceive	56	static
fsl_lpi2c_cmsis.c:627:16:LPI2C_Slave_InterruptTransmit	32	static
fsl_lpi2c_cmsis.c:664:16:LPI2C_Slave_InterruptReceive	32	static
fsl_lpi2c_cmsis.c:699:16:LPI2C_InterruptGetDataCount	24	static
fsl_lpi2c_cmsis.c:716:16:LPI2C_InterruptControl	40	static
fsl_lpi2c_cmsis.c:797:16:LPI2C_InterruptPowerControl	88	static
fsl_lpi2c_cmsis.c:880:23:LPI2C_InterruptGetStatus	32	static
fsl_lpi2c_cmsis.c:1752:13:KSDK_LPI2C4_SLAVE_InterruptCallback	24	static
fsl_lpi2c_cmsis.c:1757:16:LPI2C4_InterruptInitialize	16	static
fsl_lpi2c_cmsis.c:1765:16:LPI2C4_InterruptUninitialize	8	static
fsl_lpi2c_cmsis.c:1773:16:LPI2C4_InterruptPowerControl	16	static
fsl_lpi2c_cmsis.c:1778:16:LPI2C4_Master_InterruptTransmit	32	static
fsl_lpi2c_cmsis.c:1783:16:LPI2C4_Master_InterruptReceive	32	static
fsl_lpi2c_cmsis.c:1788:16:LPI2C4_Slave_InterruptTransmit	16	static
fsl_lpi2c_cmsis.c:1794:16:LPI2C4_Slave_InterruptReceive	16	static
fsl_lpi2c_cmsis.c:1800:16:LPI2C4_InterruptGetDataCount	8	static
fsl_lpi2c_cmsis.c:1805:16:LPI2C4_InterruptControl	16	static
fsl_lpi2c_cmsis.c:1810:23:LPI2C4_InterruptGetStatus	8	static
