fsl_clock.h:1085:20:CLOCK_ControlGate	32	static
fsl_clock.h:1102:20:CLOCK_EnableClock	16	static
fsl_lpspi.h:503:20:LPSPI_Enable	16	static
fsl_lpspi.h:732:20:LPSPI_SetMasterSlaveMode	16	static
fsl_lpspi.h:777:20:LPSPI_IsMaster	16	static
fsl_dmamux.h:75:20:DMAMUX_EnableChannel	16	static
fsl_dmamux.h:91:20:DMAMUX_DisableChannel	16	static
fsl_dmamux.h:109:20:DMAMUX_SetSource	24	static
fsl_lpspi_cmsis.c:116:16:LPSPI_CommonControl	72	static
fsl_lpspi_cmsis.c:352:13:LPSPI_SetTransferConfigFlags	24	static
fsl_lpspi_cmsis.c:445:27:LPSPIx_GetVersion	16	static
fsl_lpspi_cmsis.c:450:29:LPSPIx_GetCapabilities	4	static
fsl_lpspi_cmsis.c:463:13:KSDK_LPSPI_MasterEdmaCallback	32	static
fsl_lpspi_cmsis.c:488:13:KSDK_LPSPI_SlaveEdmaCallback	32	static
fsl_lpspi_cmsis.c:514:16:LPSPI_EdmaInitialize	16	static
fsl_lpspi_cmsis.c:524:16:LPSPI_EdmaUninitialize	16	static
fsl_lpspi_cmsis.c:530:16:LPSPI_EdmaPowerControl	24	static
fsl_lpspi_cmsis.c:591:16:LPSPI_EdmaSend	56	static
fsl_lpspi_cmsis.c:632:16:LPSPI_EdmaReceive	56	static
fsl_lpspi_cmsis.c:673:16:LPSPI_EdmaTransfer	56	static
fsl_lpspi_cmsis.c:716:17:LPSPI_EdmaGetCount	40	static
fsl_lpspi_cmsis.c:738:16:LPSPI_EdmaControl	56	static
fsl_lpspi_cmsis.c:858:23:LPSPI_EdmaGetStatus	24	static
fsl_lpspi_cmsis.c:1832:16:LPSPI3_EdmaInitialize	16	static
fsl_lpspi_cmsis.c:1840:16:LPSPI3_EdmaUninitialize	8	static
fsl_lpspi_cmsis.c:1848:16:LPSPI3_EdmaPowerControl	16	static
fsl_lpspi_cmsis.c:1853:16:LPSPI3_EdmaSend	16	static
fsl_lpspi_cmsis.c:1858:16:LPSPI3_EdmaReceive	16	static
fsl_lpspi_cmsis.c:1863:16:LPSPI3_EdmaTransfer	24	static
fsl_lpspi_cmsis.c:1868:17:LPSPI3_EdmaGetCount	8	static
fsl_lpspi_cmsis.c:1873:16:LPSPI3_EdmaControl	16	static
fsl_lpspi_cmsis.c:1878:23:LPSPI3_EdmaGetStatus	8	static
