core_cm7.h:1902:22:__NVIC_EnableIRQ	16	static
fsl_clock.h:1085:20:CLOCK_ControlGate	32	static
fsl_clock.h:1102:20:CLOCK_EnableClock	16	static
fsl_clock.h:1112:20:CLOCK_DisableClock	16	static
fsl_common.h:747:28:EnableIRQ	24	static
fsl_common.h:827:28:DisableGlobalIRQ	16	static
fsl_common.h:858:24:EnableGlobalIRQ	24	static
fsl_edma.c:61:17:EDMA_GetInstance	24	static
fsl_edma.c:86:6:EDMA_InstallTCD	24	static
fsl_edma.c:118:6:EDMA_Init	24	static
fsl_edma.c:148:6:EDMA_Deinit	16	static
fsl_edma.c:170:6:EDMA_GetDefaultConfig	16	static
fsl_edma.c:194:6:EDMA_ResetChannel	16	static
fsl_edma.c:226:6:EDMA_SetTransferConfig	24	static
fsl_edma.c:245:6:EDMA_SetMinorOffsetConfig	32	static
fsl_edma.c:270:6:EDMA_SetMajorOffsetConfig	24	static
fsl_edma.c:287:6:EDMA_SetChannelPreemptionConfig	32	static
fsl_edma.c:318:6:EDMA_SetChannelLink	24	static
fsl_edma.c:340:6:EDMA_SetBandWidth	24	static
fsl_edma.c:359:6:EDMA_SetModulo	32	static
fsl_edma.c:377:6:EDMA_EnableChannelInterrupts	24	static
fsl_edma.c:408:6:EDMA_DisableChannelInterrupts	24	static
fsl_edma.c:439:6:EDMA_TcdReset	16	static
fsl_edma.c:486:6:EDMA_TcdSetTransferConfig	24	static
fsl_edma.c:537:6:EDMA_TcdSetMinorOffsetConfig	24	static
fsl_edma.c:561:6:EDMA_TcdSetMajorOffsetConfig	24	static
fsl_edma.c:585:6:EDMA_TcdSetChannelLink	32	static
fsl_edma.c:635:6:EDMA_TcdSetModulo	24	static
fsl_edma.c:653:6:EDMA_TcdEnableInterrupts	16	static
fsl_edma.c:677:6:EDMA_TcdDisableInterrupts	16	static
fsl_edma.c:715:10:EDMA_GetRemainingMajorLoopCount	24	static
fsl_edma.c:751:10:EDMA_GetChannelStatusFlags	24	static
fsl_edma.c:775:6:EDMA_ClearChannelStatusFlags	24	static
fsl_edma.c:796:17:EDMA_GetInstanceOffset	16	static
fsl_edma.c:826:6:EDMA_CreateHandle	40	static
fsl_edma.c:879:6:EDMA_InstallTCDMemory	24	static
fsl_edma.c:903:6:EDMA_SetCallback	24	static
fsl_edma.c:911:29:EDMA_TransferWidthMapping	24	static
fsl_edma.c:973:6:EDMA_PrepareTransferConfig	24	static
fsl_edma.c:1022:6:EDMA_PrepareTransfer	56	static
fsl_edma.c:1076:10:EDMA_SubmitTransfer	40	static
fsl_edma.c:1237:6:EDMA_StartTransfer	32	static
fsl_edma.c:1284:6:EDMA_StopTransfer	16	static
fsl_edma.c:1300:6:EDMA_AbortTransfer	16	static
fsl_edma.c:1353:6:EDMA_HandleIRQ	48	static
fsl_edma.c:1869:6:DMA0_DMA16_DriverIRQHandler	8	static
fsl_edma.c:1883:6:DMA1_DMA17_DriverIRQHandler	8	static
fsl_edma.c:1897:6:DMA2_DMA18_DriverIRQHandler	8	static
fsl_edma.c:1911:6:DMA3_DMA19_DriverIRQHandler	8	static
fsl_edma.c:1925:6:DMA4_DMA20_DriverIRQHandler	8	static
fsl_edma.c:1939:6:DMA5_DMA21_DriverIRQHandler	8	static
fsl_edma.c:1953:6:DMA6_DMA22_DriverIRQHandler	8	static
fsl_edma.c:1967:6:DMA7_DMA23_DriverIRQHandler	8	static
fsl_edma.c:1981:6:DMA8_DMA24_DriverIRQHandler	8	static
fsl_edma.c:1995:6:DMA9_DMA25_DriverIRQHandler	8	static
fsl_edma.c:2009:6:DMA10_DMA26_DriverIRQHandler	8	static
fsl_edma.c:2023:6:DMA11_DMA27_DriverIRQHandler	8	static
fsl_edma.c:2037:6:DMA12_DMA28_DriverIRQHandler	8	static
fsl_edma.c:2051:6:DMA13_DMA29_DriverIRQHandler	8	static
fsl_edma.c:2065:6:DMA14_DMA30_DriverIRQHandler	8	static
fsl_edma.c:2079:6:DMA15_DMA31_DriverIRQHandler	8	static
