fsl_lpspi.h:503:20:LPSPI_Enable	16	static
fsl_lpspi.h:549:23:LPSPI_GetRxFifoSize	16	static
fsl_lpspi.h:569:24:LPSPI_GetRxFifoCount	16	static
fsl_lpspi.h:587:20:LPSPI_ClearStatusFlags	16	static
fsl_lpspi.h:629:20:LPSPI_DisableInterrupts	16	static
fsl_lpspi.h:654:20:LPSPI_EnableDMA	16	static
fsl_lpspi.h:670:20:LPSPI_DisableDMA	16	static
fsl_lpspi.h:685:24:LPSPI_GetTxRegisterAddress	16	static
fsl_lpspi.h:700:24:LPSPI_GetRxRegisterAddress	16	static
fsl_lpspi.h:789:20:LPSPI_FlushFifo	16	static
fsl_lpspi.h:805:20:LPSPI_SetFifoWatermarks	24	static
fsl_lpspi.h:964:24:LPSPI_ReadData	16	static
fsl_lpspi_edma.c:75:13:LPSPI_SeparateEdmaReadData	24	static
fsl_lpspi_edma.c:149:6:LPSPI_MasterTransferCreateHandleEDMA	32	static
fsl_lpspi_edma.c:192:10:LPSPI_MasterTransferEDMA	128	static
fsl_lpspi_edma.c:559:13:EDMA_LpspiMasterCallback	48	static
fsl_lpspi_edma.c:610:6:LPSPI_MasterTransferAbortEDMA	16	static
fsl_lpspi_edma.c:632:10:LPSPI_MasterTransferGetCountEDMA	40	static
fsl_lpspi_edma.c:679:6:LPSPI_SlaveTransferCreateHandleEDMA	32	static
fsl_lpspi_edma.c:722:10:LPSPI_SlaveTransferEDMA	128	static
fsl_lpspi_edma.c:1045:13:EDMA_LpspiSlaveCallback	48	static
fsl_lpspi_edma.c:1096:6:LPSPI_SlaveTransferAbortEDMA	16	static
fsl_lpspi_edma.c:1118:10:LPSPI_SlaveTransferGetCountEDMA	40	static
