lv_mem.h:214:44:_lv_memcpy_small	32	static
lv_area.h:100:20:lv_area_copy	16	static
lv_area.h:110:26:lv_area_get_width	16	static
lv_area.h:120:26:lv_area_get_height	16	static
lv_obj_style_dec.h:110:1:lv_obj_get_style_pad_top	16	static
lv_obj_style_dec.h:111:1:lv_obj_get_style_pad_bottom	16	static
lv_obj_style_dec.h:112:1:lv_obj_get_style_pad_left	16	static
lv_obj_style_dec.h:113:1:lv_obj_get_style_pad_right	16	static
lv_obj_style_dec.h:114:1:lv_obj_get_style_pad_inner	16	static
lv_btnmatrix.c:72:12:lv_btnmatrix_create	32	static
lv_btnmatrix.c:138:6:lv_btnmatrix_set_map	80	static
lv_btnmatrix.c:274:6:lv_btnmatrix_set_ctrl_map	24	static
lv_btnmatrix.c:289:6:lv_btnmatrix_set_focused_btn	24	static
lv_btnmatrix.c:309:6:lv_btnmatrix_set_recolor	24	static
lv_btnmatrix.c:324:6:lv_btnmatrix_set_btn_ctrl	24	static
lv_btnmatrix.c:341:6:lv_btnmatrix_clear_btn_ctrl	24	static
lv_btnmatrix.c:358:6:lv_btnmatrix_set_btn_ctrl_all	24	static
lv_btnmatrix.c:375:6:lv_btnmatrix_clear_btn_ctrl_all	24	static
lv_btnmatrix.c:395:6:lv_btnmatrix_set_btn_width	24	static
lv_btnmatrix.c:415:6:lv_btnmatrix_set_one_check	24	static
lv_btnmatrix.c:431:6:lv_btnmatrix_set_align	24	static
lv_btnmatrix.c:452:15:lv_btnmatrix_get_map_array	24	static
lv_btnmatrix.c:465:6:lv_btnmatrix_get_recolor	24	static
lv_btnmatrix.c:480:10:lv_btnmatrix_get_active_btn	24	static
lv_btnmatrix.c:494:14:lv_btnmatrix_get_active_btn_text	24	static
lv_btnmatrix.c:513:10:lv_btnmatrix_get_focused_btn	24	static
lv_btnmatrix.c:528:14:lv_btnmatrix_get_btn_text	24	static
lv_btnmatrix.c:559:6:lv_btnmatrix_get_btn_ctrl	24	static
lv_btnmatrix.c:575:6:lv_btnmatrix_get_one_check	24	static
lv_btnmatrix.c:589:18:lv_btnmatrix_get_align	24	static
lv_btnmatrix.c:624:24:lv_btnmatrix_design	576	static
lv_btnmatrix.c:819:17:lv_btnmatrix_signal	104	static
lv_btnmatrix.c:1087:26:lv_btnmatrix_get_style	24	static
lv_btnmatrix.c:1114:13:allocate_btn_areas_and_controls	24	static
lv_btnmatrix.c:1153:16:get_button_width	24	static
lv_btnmatrix.c:1159:13:button_is_hidden	16	static
lv_btnmatrix.c:1164:13:button_is_repeat_disabled	16	static
lv_btnmatrix.c:1169:13:button_is_inactive	16	static
lv_btnmatrix.c:1174:13:button_is_click_trig	16	static
lv_btnmatrix.c:1179:13:button_is_tgl_enabled	16	static
lv_btnmatrix.c:1184:13:button_get_tgl_state	16	static
lv_btnmatrix.c:1195:17:get_button_from_point	56	static
lv_btnmatrix.c:1245:13:invalidate_button_area	40	static
lv_btnmatrix.c:1271:13:maps_are_identical	24	static
lv_btnmatrix.c:1290:13:make_one_button_toggled	24	static
