fsl_gpio.h:101:20:GPIO_WritePinOutput	24	static
fsl_iomuxc.h:911:20:IOMUXC_EnableMode	24	static
lwip_mqtt_freertos.c:235:6:read_sensors_values	16	static
lwip_mqtt_freertos.c:245:13:GUI_task	16	static
lwip_mqtt_freertos.c:266:6:BOARD_InitModuleClock	16	static
lwip_mqtt_freertos.c:273:6:delay	16	static
lwip_mqtt_freertos.c:285:13:mqtt_topic_subscribed_cb	24	static
lwip_mqtt_freertos.c:302:13:mqtt_incoming_publish_cb	24	static
lwip_mqtt_freertos.c:312:13:mqtt_incoming_data_cb	32	static
lwip_mqtt_freertos.c:339:13:mqtt_subscribe_topics	40	static
lwip_mqtt_freertos.c:367:13:mqtt_connection_cb	32	static
lwip_mqtt_freertos.c:413:13:connect_to_mqtt	24	static
lwip_mqtt_freertos.c:426:13:mqtt_message_published_cb	24	static
lwip_mqtt_freertos.c:443:13:publish_message	152	static
lwip_mqtt_freertos.c:485:13:app_thread	32	static
lwip_mqtt_freertos.c:565:13:generate_client_id	48	static
lwip_mqtt_freertos.c:586:5:main	96	static
lwip_mqtt_freertos.c:712:6:vApplicationMallocFailedHook	4	static
lwip_mqtt_freertos.c:721:6:vApplicationTickHook	8	static
lwip_mqtt_freertos.c:732:6:vApplicationStackOverflowHook	16	static
