core_cm7.h:2032:22:__NVIC_SetPriority	16	static
fsl_clock.h:1012:20:CLOCK_SetMux	24	static
fsl_clock.h:1049:20:CLOCK_SetDiv	24	static
fsl_gpio.h:112:20:GPIO_PortSet	16	static
fsl_gpio.h:136:20:GPIO_PortClear	16	static
fsl_gpio.h:176:24:GPIO_PinRead	16	static
littlevgl_support.c:63:6:lv_port_pre_init	4	static
littlevgl_support.c:67:10:LPSPI3_GetFreq	8	static
littlevgl_support.c:72:13:SPI_MasterSignalEvent	24	static
littlevgl_support.c:85:13:SPI_WaitEvent	8	static
littlevgl_support.c:100:13:DEMO_SPI_LCD_WriteCmd	16	static
littlevgl_support.c:108:13:DEMO_SPI_LCD_WriteData	16	static
littlevgl_support.c:116:13:DEMO_SPI_LCD_WriteMultiData	16	static
littlevgl_support.c:123:13:DEMO_InitLcdSPiClk	8	static
littlevgl_support.c:131:13:DEMO_InitLcd	8	static
littlevgl_support.c:175:6:lv_port_disp_init	48	static
littlevgl_support.c:207:13:DEMO_FlushDisplay	40	static
littlevgl_support.c:240:6:lv_port_indev_init	40	static
littlevgl_support.c:259:13:DEMO_InitEncoder	40	static
littlevgl_support.c:276:13:DEMO_ReadEncoder	16	static
